node:internal/modules/run_main:107
    triggerUncaughtException(
    ^

locator.click: Timeout 30000ms exceeded.
Call log:
[2m  - waiting for getByTestId('tool-modules')[22m
[2m    - locator resolved to <button title="模块库" type="button" aria-label="模块库" class="tool-button" aria-pressed="false" data-testid="tool-modules">…</button>[22m
[2m  - attempting click action[22m
[2m    2 × waiting for element to be visible, enabled and stable[22m
[2m      - element is visible, enabled and stable[22m
[2m      - scrolling into view if needed[22m
[2m      - done scrolling[22m
[2m      - <div role="presentation" class="project-confirmation-backdrop">…</div> intercepts pointer events[22m
[2m    - retrying click action[22m
[2m    - waiting 20ms[22m
[2m    2 × waiting for element to be visible, enabled and stable[22m
[2m      - element is visible, enabled and stable[22m
[2m      - scrolling into view if needed[22m
[2m      - done scrolling[22m
[2m      - <div role="presentation" class="project-confirmation-backdrop">…</div> intercepts pointer events[22m
[2m    - retrying click action[22m
[2m      - waiting 100ms[22m
[2m    10 × waiting for element to be visible, enabled and stable[22m
[2m       - element is visible, enabled and stable[22m
[2m       - scrolling into view if needed[22m
[2m       - done scrolling[22m
[2m       - <div role="presentation" class="project-confirmation-backdrop">…</div> intercepts pointer events[22m
[2m     - retrying click action[22m
[2m       - waiting 500ms[22m
[2m    - waiting for element to be visible, enabled and stable[22m

    at E:\画布项目\staging-canvas-build\work\release-1.6.60-smoke.mjs:32:42 {
  log: [
    "  - waiting for getByTestId('tool-modules')",
    '    - locator resolved to <button title="模块库" type="button" aria-label="模块库" class="tool-button" aria-pressed="false" data-testid="tool-modules">…</button>',
    '  - attempting click action',
    '    2 × waiting for element to be visible, enabled and stable',
    '      - element is visible, enabled and stable',
    '      - scrolling into view if needed',
    '      - done scrolling',
    '      - <div role="presentation" class="project-confirmation-backdrop">…</div> intercepts pointer events',
    '    - retrying click action',
    '    - waiting 20ms',
    '    2 × waiting for element to be visible, enabled and stable',
    '      - element is visible, enabled and stable',
    '      - scrolling into view if needed',
    '      - done scrolling',
    '      - <div role="presentation" class="project-confirmation-backdrop">…</div> intercepts pointer events',
    '    - retrying click action',
    '      - waiting 100ms',
    '    10 × waiting for element to be visible, enabled and stable',
    '       - element is visible, enabled and stable',
    '       - scrolling into view if needed',
    '       - done scrolling',
    '       - <div role="presentation" class="project-confirmation-backdrop">…</div> intercepts pointer events',
    '     - retrying click action',
    '       - waiting 500ms',
    '    - waiting for element to be visible, enabled and stable'
  ],
  name: 'TimeoutError'
}

Node.js v24.14.0
